2022-05-11 20:34:51.886111 +0000 > starting log
2022-05-11 20:34:51.886397 +0000 build-fedora1: > starting build with log
2022-05-11 20:34:51.886426 +0000 build-fedora1: >> args: -c desktop-linux-manager -d vm-bullseye -d vm-fc35 package sign publish
2022-05-11 20:34:51.886434 +0000 build-fedora1: >> COMPONENTS=desktop-linux-manager
2022-05-11 20:34:51.886439 +0000 build-fedora1: >> DISTS_VM=dists_vm
2022-05-11 20:34:51.886445 +0000 build-fedora1: >> DIST_HOST=
2022-05-11 20:34:51.886450 +0000 build-fedora1: >> desktop-linux-manager:
2022-05-11 20:34:51.886457 +0000 build-fedora1: >>   commit-hash: f45799a9441fea7748af1b72fa36bb57a97d45e5
2022-05-11 20:34:51.977852 +0000 build-fedora1: >>   source-hash: 6094675123ac05cebe7c178f47637a5cdf0b30d9695c13559e8e68ea627ee2c373eb73f97f743f8d236db61cebca9ea5b5db602e72887f1462a7195182b419c5
2022-05-11 20:34:51.977893 +0000 build-fedora1: > running qb
2022-05-11 20:34:52.056254 +0000 build-fedora1: Running stage: sign
2022-05-11 20:34:52.061989 +0000 build-fedora1: .[38;5;246m20:34:51,734 .[96m[executor:local] .[0mExecuting 'bash -c qubes-gpg-client-wrapper --armor --export 27AA91350BD1600002D89B549F00A0C9784D8153 > /home/user/builder-r4.2/artifacts/components/desktop-linux-manager/4.1.13-1/vm-bullseye/sign/27AA91350BD1600002D89B549F00A0C9784D8153.asc&&gpg2 --homedir /home/user/builder-r4.2/artifacts/components/desktop-linux-manager/4.1.13-1/vm-bullseye/sign/keyring --import /home/user/builder-r4.2/artifacts/components/desktop-linux-manager/4.1.13-1/vm-bullseye/sign/27AA91350BD1600002D89B549F00A0C9784D8153.asc'..[0m
2022-05-11 20:34:52.184537 +0000 build-fedora1: .[38;5;246m20:34:51,856 .[96m[executor:local] .[0moutput: gpg: keybox '/home/user/builder-r4.2/artifacts/components/desktop-linux-manager/4.1.13-1/vm-bullseye/sign/keyring/pubring.kbx' created.[0m
2022-05-11 20:34:52.190359 +0000 build-fedora1: .[38;5;246m20:34:51,862 .[96m[executor:local] .[0moutput: gpg: /home/user/builder-r4.2/artifacts/components/desktop-linux-manager/4.1.13-1/vm-bullseye/sign/keyring/trustdb.gpg: trustdb created.[0m
2022-05-11 20:34:52.190451 +0000 build-fedora1: .[38;5;246m20:34:51,862 .[96m[executor:local] .[0moutput: gpg: key 9F00A0C9784D8153: public key "Qubes builder TEST KEY" imported.[0m
2022-05-11 20:34:52.195335 +0000 build-fedora1: .[38;5;246m20:34:51,867 .[96m[executor:local] .[0moutput: gpg: Total number processed: 1.[0m
2022-05-11 20:34:52.195371 +0000 build-fedora1: .[38;5;246m20:34:51,867 .[96m[executor:local] .[0moutput: gpg:               imported: 1.[0m
2022-05-11 20:34:52.197834 +0000 build-fedora1: .[38;5;246m20:34:51,870 .[96m[sign_deb] .[0mdesktop-linux-manager:vm-debian-11.amd64:debian: Signing from 'qubes-desktop-linux-manager_4.1.13-1+deb11u1_amd64.changes' info..[0m
2022-05-11 20:34:52.197906 +0000 build-fedora1: .[38;5;246m20:34:51,870 .[96m[executor:local] .[0mExecuting 'bash -c debsign -k27AA91350BD1600002D89B549F00A0C9784D8153 -pqubes-gpg-client-wrapper --no-re-sign /home/user/builder-r4.2/artifacts/components/desktop-linux-manager/4.1.13-1/vm-bullseye/build/qubes-desktop-linux-manager_4.1.13-1+deb11u1_amd64.changes'..[0m
2022-05-11 20:34:52.227247 +0000 build-fedora1: .[38;5;246m20:34:51,899 .[96m[executor:local] .[0moutput: Leaving current signature unchanged..[0m
2022-05-11 20:34:52.227323 +0000 build-fedora1: .[38;5;246m20:34:51,899 .[96m[build_deb] .[0mdesktop-linux-manager:vm-debian-11.amd64:debian: Provisioning local repository '/home/user/builder-r4.2/artifacts/repository/vm-bullseye'..[0m
2022-05-11 20:34:52.237887 +0000 build-fedora1: .[38;5;246m20:34:51,910 .[96m[executor:local] .[0mExecuting 'bash -c mkdir -p /home/user/builder-r4.2/artifacts/components/desktop-linux-manager/4.1.13-1/vm-fc35/sign/rpmdb&&qubes-gpg-client-wrapper --armor --export 27AA91350BD1600002D89B549F00A0C9784D8153 > /home/user/builder-r4.2/artifacts/components/desktop-linux-manager/4.1.13-1/vm-fc35/sign/27AA91350BD1600002D89B549F00A0C9784D8153.asc&&rpmkeys --dbpath=/home/user/builder-r4.2/artifacts/components/desktop-linux-manager/4.1.13-1/vm-fc35/sign/rpmdb --import /home/user/builder-r4.2/artifacts/components/desktop-linux-manager/4.1.13-1/vm-fc35/sign/27AA91350BD1600002D89B549F00A0C9784D8153.asc'..[0m
2022-05-11 20:34:52.416621 +0000 build-fedora1: .[38;5;246m20:34:52,088 .[96m[sign_rpm] .[0mdesktop-linux-manager:vm-fedora-35.x86_64:rpm_spec/qubes-desktop-linux-manager.spec: Signing 'qubes-desktop-linux-manager-4.1.13-1.fc35.noarch.rpm'..[0m
2022-05-11 20:34:52.416686 +0000 build-fedora1: .[38;5;246m20:34:52,089 .[96m[executor:local] .[0mExecuting 'bash -c /home/user/builder-r4.2/qubesbuilder/plugins/sign_rpm/scripts/sign-rpm --sign-key 27AA91350BD1600002D89B549F00A0C9784D8153 --db-path /home/user/builder-r4.2/artifacts/components/desktop-linux-manager/4.1.13-1/vm-fc35/sign/rpmdb --rpm /home/user/builder-r4.2/artifacts/components/desktop-linux-manager/4.1.13-1/vm-fc35/build/rpm/qubes-desktop-linux-manager-4.1.13-1.fc35.noarch.rpm'..[0m
2022-05-11 20:34:52.431917 +0000 build-fedora1: .[38;5;246m20:34:52,104 .[96m[executor:local] .[0moutput: INFO: qubes-desktop-linux-manager-4.1.13-1.fc35.noarch.rpm has already a valid signature. Skipping....[0m
2022-05-11 20:34:52.432967 +0000 build-fedora1: .[38;5;246m20:34:52,105 .[96m[sign_rpm] .[0mdesktop-linux-manager:vm-fedora-35.x86_64:rpm_spec/qubes-desktop-linux-manager.spec: Signing 'qubes-desktop-linux-manager-4.1.13-1.fc35.src.rpm'..[0m
2022-05-11 20:34:52.433060 +0000 build-fedora1: .[38;5;246m20:34:52,105 .[96m[executor:local] .[0mExecuting 'bash -c /home/user/builder-r4.2/qubesbuilder/plugins/sign_rpm/scripts/sign-rpm --sign-key 27AA91350BD1600002D89B549F00A0C9784D8153 --db-path /home/user/builder-r4.2/artifacts/components/desktop-linux-manager/4.1.13-1/vm-fc35/sign/rpmdb --rpm /home/user/builder-r4.2/artifacts/components/desktop-linux-manager/4.1.13-1/vm-fc35/prep/qubes-desktop-linux-manager-4.1.13-1.fc35.src.rpm'..[0m
2022-05-11 20:34:52.440930 +0000 build-fedora1: .[38;5;246m20:34:52,113 .[96m[executor:local] .[0moutput: INFO: qubes-desktop-linux-manager-4.1.13-1.fc35.src.rpm has already a valid signature. Skipping....[0m
2022-05-11 20:34:52.440990 +0000 build-fedora1: .[38;5;246m20:34:52,113 .[96m[build_rpm] .[0mdesktop-linux-manager:vm-fedora-35.x86_64:rpm_spec/qubes-desktop-linux-manager.spec: Provisioning local repository '/home/user/builder-r4.2/artifacts/repository/vm-fc35'..[0m
2022-05-11 20:34:52.441208 +0000 build-fedora1: Running stage: publish
2022-05-11 20:34:52.446091 +0000 build-fedora1: .[38;5;246m20:34:52,118 .[96m[executor:local] .[0mExecuting 'bash -c /home/user/builder-r4.2/qubesbuilder/plugins/publish_deb/scripts/create-skeleton r4.2 /home/user/builder-r4.2/artifacts/repository-publish/deb'..[0m
2022-05-11 20:34:52.479484 +0000 build-fedora1: .[38;5;246m20:34:52,151 .[96m[publish_deb] .[0mdesktop-linux-manager:vm-debian-11.amd64:debian: Publishing packages..[0m
2022-05-11 20:34:52.479524 +0000 build-fedora1: .[38;5;246m20:34:52,151 .[96m[publish_deb] .[0mdesktop-linux-manager:vm-debian-11.amd64:debian: Verifying signatures..[0m
2022-05-11 20:34:52.479573 +0000 build-fedora1: .[38;5;246m20:34:52,152 .[96m[executor:local] .[0mExecuting 'bash -c gpg2 -q --homedir /home/user/builder-r4.2/artifacts/components/desktop-linux-manager/4.1.13-1/vm-bullseye/sign/keyring --verify /home/user/builder-r4.2/artifacts/components/desktop-linux-manager/4.1.13-1/vm-bullseye/build/qubes-desktop-linux-manager_4.1.13-1+deb11u1.dsc&&gpg2 -q --homedir /home/user/builder-r4.2/artifacts/components/desktop-linux-manager/4.1.13-1/vm-bullseye/sign/keyring --verify /home/user/builder-r4.2/artifacts/components/desktop-linux-manager/4.1.13-1/vm-bullseye/build/qubes-desktop-linux-manager_4.1.13-1+deb11u1_amd64.changes&&gpg2 -q --homedir /home/user/builder-r4.2/artifacts/components/desktop-linux-manager/4.1.13-1/vm-bullseye/sign/keyring --verify /home/user/builder-r4.2/artifacts/components/desktop-linux-manager/4.1.13-1/vm-bullseye/build/qubes-desktop-linux-manager_4.1.13-1+deb11u1_amd64.buildinfo'..[0m
2022-05-11 20:34:52.485472 +0000 build-fedora1: .[38;5;246m20:34:52,157 .[96m[executor:local] .[0moutput: gpg: Signature made Wed May 11 20:34:22 2022 GMT.[0m
2022-05-11 20:34:52.485560 +0000 build-fedora1: .[38;5;246m20:34:52,157 .[96m[executor:local] .[0moutput: gpg:                using EDDSA key 27AA91350BD1600002D89B549F00A0C9784D8153.[0m
2022-05-11 20:34:52.486336 +0000 build-fedora1: .[38;5;246m20:34:52,158 .[96m[executor:local] .[0moutput: gpg: Good signature from "Qubes builder TEST KEY" [unknown].[0m
2022-05-11 20:34:52.486366 +0000 build-fedora1: .[38;5;246m20:34:52,158 .[96m[executor:local] .[0moutput: gpg: WARNING: This key is not certified with a trusted signature!.[0m
2022-05-11 20:34:52.486395 +0000 build-fedora1: .[38;5;246m20:34:52,158 .[96m[executor:local] .[0moutput: gpg:          There is no indication that the signature belongs to the owner..[0m
2022-05-11 20:34:52.486443 +0000 build-fedora1: .[38;5;246m20:34:52,158 .[96m[executor:local] .[0moutput: Primary key fingerprint: 27AA 9135 0BD1 6000 02D8  9B54 9F00 A0C9 784D 8153.[0m
2022-05-11 20:34:52.490854 +0000 build-fedora1: .[38;5;246m20:34:52,163 .[96m[executor:local] .[0moutput: gpg: Signature made Wed May 11 20:34:23 2022 GMT.[0m
2022-05-11 20:34:52.490916 +0000 build-fedora1: .[38;5;246m20:34:52,163 .[96m[executor:local] .[0moutput: gpg:                using EDDSA key 27AA91350BD1600002D89B549F00A0C9784D8153.[0m
2022-05-11 20:34:52.492976 +0000 build-fedora1: .[38;5;246m20:34:52,165 .[96m[executor:local] .[0moutput: gpg: Good signature from "Qubes builder TEST KEY" [unknown].[0m
2022-05-11 20:34:52.493026 +0000 build-fedora1: .[38;5;246m20:34:52,165 .[96m[executor:local] .[0moutput: gpg: WARNING: This key is not certified with a trusted signature!.[0m
2022-05-11 20:34:52.493055 +0000 build-fedora1: .[38;5;246m20:34:52,165 .[96m[executor:local] .[0moutput: gpg:          There is no indication that the signature belongs to the owner..[0m
2022-05-11 20:34:52.493083 +0000 build-fedora1: .[38;5;246m20:34:52,165 .[96m[executor:local] .[0moutput: Primary key fingerprint: 27AA 9135 0BD1 6000 02D8  9B54 9F00 A0C9 784D 8153.[0m
2022-05-11 20:34:52.496921 +0000 build-fedora1: .[38;5;246m20:34:52,169 .[96m[executor:local] .[0moutput: gpg: Signature made Wed May 11 20:34:22 2022 GMT.[0m
2022-05-11 20:34:52.496973 +0000 build-fedora1: .[38;5;246m20:34:52,169 .[96m[executor:local] .[0moutput: gpg:                using EDDSA key 27AA91350BD1600002D89B549F00A0C9784D8153.[0m
2022-05-11 20:34:52.499412 +0000 build-fedora1: .[38;5;246m20:34:52,171 .[96m[executor:local] .[0moutput: gpg: Good signature from "Qubes builder TEST KEY" [unknown].[0m
2022-05-11 20:34:52.499449 +0000 build-fedora1: .[38;5;246m20:34:52,171 .[96m[executor:local] .[0moutput: gpg: WARNING: This key is not certified with a trusted signature!.[0m
2022-05-11 20:34:52.499497 +0000 build-fedora1: .[38;5;246m20:34:52,171 .[96m[executor:local] .[0moutput: gpg:          There is no indication that the signature belongs to the owner..[0m
2022-05-11 20:34:52.499552 +0000 build-fedora1: .[38;5;246m20:34:52,171 .[96m[executor:local] .[0moutput: Primary key fingerprint: 27AA 9135 0BD1 6000 02D8  9B54 9F00 A0C9 784D 8153.[0m
2022-05-11 20:34:52.500181 +0000 build-fedora1: .[38;5;246m20:34:52,172 .[96m[executor:local] .[0mExecuting 'bash -c reprepro --ignore=surprisingbinary --ignore=surprisingarch --keepunreferencedfiles -b /home/user/builder-r4.2/artifacts/repository-publish/deb/r4.2/vm include bullseye-testing /home/user/builder-r4.2/artifacts/components/desktop-linux-manager/4.1.13-1/vm-bullseye/build/qubes-desktop-linux-manager_4.1.13-1+deb11u1_amd64.changes'..[0m
2022-05-11 20:34:52.536397 +0000 build-fedora1: .[38;5;246m20:34:52,208 .[96m[executor:local] .[0moutput: Exporting indices....[0m
2022-05-11 20:34:52.538642 +0000 build-fedora1: .[38;5;246m20:34:52,211 .[96m[executor:local] .[0mExecuting 'bash -c /home/user/builder-r4.2/qubesbuilder/plugins/github/scripts/notify-issues --build-log=https://github.com/marmarek/builderv2-staging-logs/tree/master/build-fedora1/log_2022-05-11_20-34-45 upload r4.2 /home/user/builder-r4.2/artifacts/sources/desktop-linux-manager desktop-linux-manager bullseye vm current-testing /home/user/github-notify-state/r4.2-desktop-linux-manager-vm-bullseye-current-testing /home/user/github-notify-state/r4.2-desktop-linux-manager-vm-bullseye-current'..[0m
2022-05-11 20:34:52.637520 +0000 build-fedora1: .[38;5;246m20:34:52,309 .[96m[executor:local] .[0moutput: WARNING: /home/user/github-notify-state/r4.2-desktop-linux-manager-vm-bullseye-current-testing does not exist, initializing with the current state.[0m
2022-05-11 20:34:52.637593 +0000 build-fedora1: .[38;5;246m20:34:52,309 .[96m[executor:local] .[0moutput: Traceback (most recent call last):.[0m
2022-05-11 20:34:52.637629 +0000 build-fedora1: .[38;5;246m20:34:52,310 .[96m[executor:local] .[0moutput:   File "/home/user/builder-r4.2/qubesbuilder/plugins/github/scripts/notify-issues", line 627, in <module>.[0m
2022-05-11 20:34:52.638115 +0000 build-fedora1: .[38;5;246m20:34:52,310 .[96m[executor:local] .[0moutput:     main().[0m
2022-05-11 20:34:52.638173 +0000 build-fedora1: .[38;5;246m20:34:52,310 .[96m[executor:local] .[0moutput:   File "/home/user/builder-r4.2/qubesbuilder/plugins/github/scripts/notify-issues", line 615, in main.[0m
2022-05-11 20:34:52.638592 +0000 build-fedora1: .[38;5;246m20:34:52,311 .[96m[executor:local] .[0moutput:     notify_build_report(.[0m
2022-05-11 20:34:52.638652 +0000 build-fedora1: .[38;5;246m20:34:52,311 .[96m[executor:local] .[0moutput:   File "/home/user/builder-r4.2/qubesbuilder/plugins/github/scripts/notify-issues", line 443, in notify_build_report.[0m
2022-05-11 20:34:52.638911 +0000 build-fedora1: .[38;5;246m20:34:52,311 .[96m[executor:local] .[0moutput:     ) = get_package_changes(.[0m
2022-05-11 20:34:52.638979 +0000 build-fedora1: .[38;5;246m20:34:52,311 .[96m[executor:local] .[0moutput:   File "/home/user/builder-r4.2/qubesbuilder/plugins/github/scripts/notify-issues", line 301, in get_package_changes.[0m
2022-05-11 20:34:52.639331 +0000 build-fedora1: .[38;5;246m20:34:52,311 .[96m[executor:local] .[0moutput:     version = version_tags.decode().splitlines()[0].[0m
2022-05-11 20:34:52.639392 +0000 build-fedora1: .[38;5;246m20:34:52,311 .[96m[executor:local] .[0moutput: IndexError: list index out of range.[0m
2022-05-11 20:34:52.654297 +0000 build-fedora1: Error: desktop-linux-manager:vm-debian-11.amd64: Failed to notify GitHub.
2022-05-11 20:34:52.654855 +0000 build-fedora1: Traceback (most recent call last):
2022-05-11 20:34:52.654885 +0000 build-fedora1:   File "/home/user/builder-r4.2/qubesbuilder/plugins/github/__init__.py", line 144, in run
2022-05-11 20:34:52.654906 +0000 build-fedora1:     self.executor.run(cmd, environment=self.environment)
2022-05-11 20:34:52.654927 +0000 build-fedora1:   File "/home/user/builder-r4.2/qubesbuilder/executors/local.py", line 85, in run
2022-05-11 20:34:52.654947 +0000 build-fedora1:     raise ExecutorError(f"Failed to run '{cmd}' (status={rc}).")
2022-05-11 20:34:52.655030 +0000 build-fedora1: qubesbuilder.executors.ExecutorError: Failed to run '['bash', '-c', '/home/user/builder-r4.2/qubesbuilder/plugins/github/scripts/notify-issues --build-log=https://github.com/marmarek/builderv2-staging-logs/tree/master/build-fedora1/log_2022-05-11_20-34-45 upload r4.2 /home/user/builder-r4.2/artifacts/sources/desktop-linux-manager desktop-linux-manager bullseye vm current-testing /home/user/github-notify-state/r4.2-desktop-linux-manager-vm-bullseye-current-testing /home/user/github-notify-state/r4.2-desktop-linux-manager-vm-bullseye-current']' (status=1).
2022-05-11 20:34:52.655066 +0000 build-fedora1: 
2022-05-11 20:34:52.655088 +0000 build-fedora1: The above exception was the direct cause of the following exception:
2022-05-11 20:34:52.655101 +0000 build-fedora1: 
2022-05-11 20:34:52.655119 +0000 build-fedora1: Traceback (most recent call last):
2022-05-11 20:34:52.655143 +0000 build-fedora1:   File "/home/user/builder-r4.2/qubesbuilder/cli/cli_base.py", line 58, in __call__
2022-05-11 20:34:52.655161 +0000 build-fedora1:     return self.main(*args, **kwargs)
2022-05-11 20:34:52.655183 +0000 build-fedora1:   File "/usr/lib/python3.10/site-packages/click/core.py", line 1062, in main
2022-05-11 20:34:52.655200 +0000 build-fedora1:     rv = self.invoke(ctx)
2022-05-11 20:34:52.655223 +0000 build-fedora1:   File "/usr/lib/python3.10/site-packages/click/core.py", line 1668, in invoke
2022-05-11 20:34:52.655244 +0000 build-fedora1:     return _process_result(sub_ctx.command.invoke(sub_ctx))
2022-05-11 20:34:52.655266 +0000 build-fedora1:   File "/usr/lib/python3.10/site-packages/click/core.py", line 1699, in invoke
2022-05-11 20:34:52.655286 +0000 build-fedora1:     rv.append(sub_ctx.command.invoke(sub_ctx))
2022-05-11 20:34:52.655308 +0000 build-fedora1:   File "/usr/lib/python3.10/site-packages/click/core.py", line 1404, in invoke
2022-05-11 20:34:52.655328 +0000 build-fedora1:     return ctx.invoke(self.callback, **ctx.params)
2022-05-11 20:34:52.655350 +0000 build-fedora1:   File "/usr/lib/python3.10/site-packages/click/core.py", line 763, in invoke
2022-05-11 20:34:52.655368 +0000 build-fedora1:     return __callback(*args, **kwargs)
2022-05-11 20:34:52.655391 +0000 build-fedora1:   File "/usr/lib/python3.10/site-packages/click/decorators.py", line 38, in new_func
2022-05-11 20:34:52.655443 +0000 build-fedora1:     return f(get_current_context().obj, *args, **kwargs)
2022-05-11 20:34:52.655468 +0000 build-fedora1:   File "/home/user/builder-r4.2/qubesbuilder/cli/cli_package.py", line 202, in publish
2022-05-11 20:34:52.655487 +0000 build-fedora1:     _component_stage(obj=obj, stage_name="publish")
2022-05-11 20:34:52.655511 +0000 build-fedora1:   File "/home/user/builder-r4.2/qubesbuilder/cli/cli_package.py", line 132, in _component_stage
2022-05-11 20:34:52.655529 +0000 build-fedora1:     plugin.run(stage=stage_name)
2022-05-11 20:34:52.655553 +0000 build-fedora1:   File "/home/user/builder-r4.2/qubesbuilder/plugins/github/__init__.py", line 147, in run
2022-05-11 20:34:52.655571 +0000 build-fedora1:     raise GithubError(msg) from e
2022-05-11 20:34:52.655597 +0000 build-fedora1: qubesbuilder.plugins.github.GithubError: desktop-linux-manager:vm-debian-11.amd64: Failed to notify GitHub.
2022-05-11 20:34:52.663954 +0000 > closing log
