2022-05-11 20:34:21.563016 +0000 > starting log
2022-05-11 20:34:21.563315 +0000 build-fedora1: > starting build with log
2022-05-11 20:34:21.563327 +0000 build-fedora1: >> args: -c desktop-linux-manager -d host-fc32 -d vm-bullseye -d vm-fc35 package sign publish
2022-05-11 20:34:21.563333 +0000 build-fedora1: >> COMPONENTS=desktop-linux-manager
2022-05-11 20:34:21.563339 +0000 build-fedora1: >> DISTS_VM=dists_vm
2022-05-11 20:34:21.563344 +0000 build-fedora1: >> DIST_HOST=
2022-05-11 20:34:21.563349 +0000 build-fedora1: >> desktop-linux-manager:
2022-05-11 20:34:21.563356 +0000 build-fedora1: >>   commit-hash: f45799a9441fea7748af1b72fa36bb57a97d45e5
2022-05-11 20:34:21.590572 +0000 build-fedora1: >>   source-hash: 6094675123ac05cebe7c178f47637a5cdf0b30d9695c13559e8e68ea627ee2c373eb73f97f743f8d236db61cebca9ea5b5db602e72887f1462a7195182b419c5
2022-05-11 20:34:21.590622 +0000 build-fedora1: > running qb
2022-05-11 20:34:21.682346 +0000 build-fedora1: Running stage: sign
2022-05-11 20:34:21.687626 +0000 build-fedora1: .[38;5;246m20:34:21,360 .[96m[executor:local] .[0mExecuting 'bash -c mkdir -p /home/user/builder-r4.2/artifacts/components/desktop-linux-manager/4.1.13-1/host-fc32/sign/rpmdb&&qubes-gpg-client-wrapper --armor --export 27AA91350BD1600002D89B549F00A0C9784D8153 > /home/user/builder-r4.2/artifacts/components/desktop-linux-manager/4.1.13-1/host-fc32/sign/27AA91350BD1600002D89B549F00A0C9784D8153.asc&&rpmkeys --dbpath=/home/user/builder-r4.2/artifacts/components/desktop-linux-manager/4.1.13-1/host-fc32/sign/rpmdb --import /home/user/builder-r4.2/artifacts/components/desktop-linux-manager/4.1.13-1/host-fc32/sign/27AA91350BD1600002D89B549F00A0C9784D8153.asc'..[0m
2022-05-11 20:34:21.893848 +0000 build-fedora1: .[38;5;246m20:34:21,566 .[96m[sign_rpm] .[0mdesktop-linux-manager:host-fedora-32.x86_64:rpm_spec/qubes-desktop-linux-manager.spec: Signing 'qubes-desktop-linux-manager-4.1.13-1.fc32.noarch.rpm'..[0m
2022-05-11 20:34:21.893965 +0000 build-fedora1: .[38;5;246m20:34:21,566 .[96m[executor:local] .[0mExecuting 'bash -c /home/user/builder-r4.2/qubesbuilder/plugins/sign_rpm/scripts/sign-rpm --sign-key 27AA91350BD1600002D89B549F00A0C9784D8153 --db-path /home/user/builder-r4.2/artifacts/components/desktop-linux-manager/4.1.13-1/host-fc32/sign/rpmdb --rpm /home/user/builder-r4.2/artifacts/components/desktop-linux-manager/4.1.13-1/host-fc32/build/rpm/qubes-desktop-linux-manager-4.1.13-1.fc32.noarch.rpm'..[0m
2022-05-11 20:34:21.910088 +0000 build-fedora1: .[38;5;246m20:34:21,581 .[96m[executor:local] .[0moutput: warning: Could not set GPG_TTY to stdin: Inappropriate ioctl for device.[0m
2022-05-11 20:34:22.023678 +0000 build-fedora1: .[38;5;246m20:34:21,695 .[96m[executor:local] .[0moutput: warning: Could not set GPG_TTY to stdin: Inappropriate ioctl for device.[0m
2022-05-11 20:34:22.158635 +0000 build-fedora1: .[38;5;246m20:34:21,830 .[96m[executor:local] .[0moutput: /home/user/builder-r4.2/artifacts/components/desktop-linux-manager/4.1.13-1/host-fc32/build/rpm/qubes-desktop-linux-manager-4.1.13-1.fc32.noarch.rpm:.[0m
2022-05-11 20:34:22.159677 +0000 build-fedora1: .[38;5;246m20:34:21,832 .[96m[sign_rpm] .[0mdesktop-linux-manager:host-fedora-32.x86_64:rpm_spec/qubes-desktop-linux-manager.spec: Signing 'qubes-desktop-linux-manager-4.1.13-1.fc32.src.rpm'..[0m
2022-05-11 20:34:22.159767 +0000 build-fedora1: .[38;5;246m20:34:21,832 .[96m[executor:local] .[0mExecuting 'bash -c /home/user/builder-r4.2/qubesbuilder/plugins/sign_rpm/scripts/sign-rpm --sign-key 27AA91350BD1600002D89B549F00A0C9784D8153 --db-path /home/user/builder-r4.2/artifacts/components/desktop-linux-manager/4.1.13-1/host-fc32/sign/rpmdb --rpm /home/user/builder-r4.2/artifacts/components/desktop-linux-manager/4.1.13-1/host-fc32/prep/qubes-desktop-linux-manager-4.1.13-1.fc32.src.rpm'..[0m
2022-05-11 20:34:22.181493 +0000 build-fedora1: .[38;5;246m20:34:21,853 .[96m[executor:local] .[0moutput: warning: Could not set GPG_TTY to stdin: Inappropriate ioctl for device.[0m
2022-05-11 20:34:22.305228 +0000 build-fedora1: .[38;5;246m20:34:21,977 .[96m[executor:local] .[0moutput: warning: Could not set GPG_TTY to stdin: Inappropriate ioctl for device.[0m
2022-05-11 20:34:22.411601 +0000 build-fedora1: .[38;5;246m20:34:22,084 .[96m[executor:local] .[0moutput: /home/user/builder-r4.2/artifacts/components/desktop-linux-manager/4.1.13-1/host-fc32/prep/qubes-desktop-linux-manager-4.1.13-1.fc32.src.rpm:.[0m
2022-05-11 20:34:22.414122 +0000 build-fedora1: .[38;5;246m20:34:22,085 .[96m[build_rpm] .[0mdesktop-linux-manager:host-fedora-32.x86_64:rpm_spec/qubes-desktop-linux-manager.spec: Provisioning local repository '/home/user/builder-r4.2/artifacts/repository/host-fc32'..[0m
2022-05-11 20:34:22.423784 +0000 build-fedora1: .[38;5;246m20:34:22,096 .[96m[executor:local] .[0mExecuting 'bash -c qubes-gpg-client-wrapper --armor --export 27AA91350BD1600002D89B549F00A0C9784D8153 > /home/user/builder-r4.2/artifacts/components/desktop-linux-manager/4.1.13-1/vm-bullseye/sign/27AA91350BD1600002D89B549F00A0C9784D8153.asc&&gpg2 --homedir /home/user/builder-r4.2/artifacts/components/desktop-linux-manager/4.1.13-1/vm-bullseye/sign/keyring --import /home/user/builder-r4.2/artifacts/components/desktop-linux-manager/4.1.13-1/vm-bullseye/sign/27AA91350BD1600002D89B549F00A0C9784D8153.asc'..[0m
2022-05-11 20:34:22.559612 +0000 build-fedora1: .[38;5;246m20:34:22,231 .[96m[executor:local] .[0moutput: gpg: keybox '/home/user/builder-r4.2/artifacts/components/desktop-linux-manager/4.1.13-1/vm-bullseye/sign/keyring/pubring.kbx' created.[0m
2022-05-11 20:34:22.563118 +0000 build-fedora1: .[38;5;246m20:34:22,235 .[96m[executor:local] .[0moutput: gpg: /home/user/builder-r4.2/artifacts/components/desktop-linux-manager/4.1.13-1/vm-bullseye/sign/keyring/trustdb.gpg: trustdb created.[0m
2022-05-11 20:34:22.563171 +0000 build-fedora1: .[38;5;246m20:34:22,235 .[96m[executor:local] .[0moutput: gpg: key 9F00A0C9784D8153: public key "Qubes builder TEST KEY" imported.[0m
2022-05-11 20:34:22.569207 +0000 build-fedora1: .[38;5;246m20:34:22,240 .[96m[executor:local] .[0moutput: gpg: Total number processed: 1.[0m
2022-05-11 20:34:22.569246 +0000 build-fedora1: .[38;5;246m20:34:22,240 .[96m[executor:local] .[0moutput: gpg:               imported: 1.[0m
2022-05-11 20:34:22.569279 +0000 build-fedora1: .[38;5;246m20:34:22,241 .[96m[sign_deb] .[0mdesktop-linux-manager:vm-debian-11.amd64:debian: Signing from 'qubes-desktop-linux-manager_4.1.13-1+deb11u1_amd64.changes' info..[0m
2022-05-11 20:34:22.569332 +0000 build-fedora1: .[38;5;246m20:34:22,241 .[96m[executor:local] .[0mExecuting 'bash -c debsign -k27AA91350BD1600002D89B549F00A0C9784D8153 -pqubes-gpg-client-wrapper --no-re-sign /home/user/builder-r4.2/artifacts/components/desktop-linux-manager/4.1.13-1/vm-bullseye/build/qubes-desktop-linux-manager_4.1.13-1+deb11u1_amd64.changes'..[0m
2022-05-11 20:34:22.600091 +0000 build-fedora1: .[38;5;246m20:34:22,272 .[96m[executor:local] .[0moutput:  signfile dsc /home/user/builder-r4.2/artifacts/components/desktop-linux-manager/4.1.13-1/vm-bullseye/build/qubes-desktop-linux-manager_4.1.13-1+deb11u1.dsc 27AA91350BD1600002D89B549F00A0C9784D8153.[0m
2022-05-11 20:34:22.867126 +0000 build-fedora1: .[38;5;246m20:34:22,537 .[96m[executor:local] .[0moutput: .[0m
2022-05-11 20:34:22.881121 +0000 build-fedora1: .[38;5;246m20:34:22,553 .[96m[executor:local] .[0moutput:  fixup_buildinfo /home/user/builder-r4.2/artifacts/components/desktop-linux-manager/4.1.13-1/vm-bullseye/build/qubes-desktop-linux-manager_4.1.13-1+deb11u1.dsc /home/user/builder-r4.2/artifacts/components/desktop-linux-manager/4.1.13-1/vm-bullseye/build/qubes-desktop-linux-manager_4.1.13-1+deb11u1_amd64.buildinfo.[0m
2022-05-11 20:34:22.883107 +0000 build-fedora1: .[38;5;246m20:34:22,555 .[96m[executor:local] .[0moutput:  signfile buildinfo /home/user/builder-r4.2/artifacts/components/desktop-linux-manager/4.1.13-1/vm-bullseye/build/qubes-desktop-linux-manager_4.1.13-1+deb11u1_amd64.buildinfo 27AA91350BD1600002D89B549F00A0C9784D8153.[0m
2022-05-11 20:34:23.137729 +0000 build-fedora1: .[38;5;246m20:34:22,809 .[96m[executor:local] .[0moutput: .[0m
2022-05-11 20:34:23.156828 +0000 build-fedora1: .[38;5;246m20:34:22,829 .[96m[executor:local] .[0moutput:  fixup_changes dsc /home/user/builder-r4.2/artifacts/components/desktop-linux-manager/4.1.13-1/vm-bullseye/build/qubes-desktop-linux-manager_4.1.13-1+deb11u1.dsc /home/user/builder-r4.2/artifacts/components/desktop-linux-manager/4.1.13-1/vm-bullseye/build/qubes-desktop-linux-manager_4.1.13-1+deb11u1_amd64.changes.[0m
2022-05-11 20:34:23.170132 +0000 build-fedora1: .[38;5;246m20:34:22,842 .[96m[executor:local] .[0moutput:  fixup_changes buildinfo /home/user/builder-r4.2/artifacts/components/desktop-linux-manager/4.1.13-1/vm-bullseye/build/qubes-desktop-linux-manager_4.1.13-1+deb11u1_amd64.buildinfo /home/user/builder-r4.2/artifacts/components/desktop-linux-manager/4.1.13-1/vm-bullseye/build/qubes-desktop-linux-manager_4.1.13-1+deb11u1_amd64.changes.[0m
2022-05-11 20:34:23.171877 +0000 build-fedora1: .[38;5;246m20:34:22,844 .[96m[executor:local] .[0moutput:  signfile changes /home/user/builder-r4.2/artifacts/components/desktop-linux-manager/4.1.13-1/vm-bullseye/build/qubes-desktop-linux-manager_4.1.13-1+deb11u1_amd64.changes 27AA91350BD1600002D89B549F00A0C9784D8153.[0m
2022-05-11 20:34:23.426933 +0000 build-fedora1: .[38;5;246m20:34:23,099 .[96m[executor:local] .[0moutput: .[0m
2022-05-11 20:34:23.430103 +0000 build-fedora1: .[38;5;246m20:34:23,102 .[96m[executor:local] .[0moutput: Successfully signed dsc, buildinfo, changes files.[0m
2022-05-11 20:34:23.433942 +0000 build-fedora1: .[38;5;246m20:34:23,104 .[96m[build_deb] .[0mdesktop-linux-manager:vm-debian-11.amd64:debian: Provisioning local repository '/home/user/builder-r4.2/artifacts/repository/vm-bullseye'..[0m
2022-05-11 20:34:23.447241 +0000 build-fedora1: .[38;5;246m20:34:23,119 .[96m[executor:local] .[0mExecuting 'bash -c mkdir -p /home/user/builder-r4.2/artifacts/components/desktop-linux-manager/4.1.13-1/vm-fc35/sign/rpmdb&&qubes-gpg-client-wrapper --armor --export 27AA91350BD1600002D89B549F00A0C9784D8153 > /home/user/builder-r4.2/artifacts/components/desktop-linux-manager/4.1.13-1/vm-fc35/sign/27AA91350BD1600002D89B549F00A0C9784D8153.asc&&rpmkeys --dbpath=/home/user/builder-r4.2/artifacts/components/desktop-linux-manager/4.1.13-1/vm-fc35/sign/rpmdb --import /home/user/builder-r4.2/artifacts/components/desktop-linux-manager/4.1.13-1/vm-fc35/sign/27AA91350BD1600002D89B549F00A0C9784D8153.asc'..[0m
2022-05-11 20:34:23.642916 +0000 build-fedora1: .[38;5;246m20:34:23,315 .[96m[sign_rpm] .[0mdesktop-linux-manager:vm-fedora-35.x86_64:rpm_spec/qubes-desktop-linux-manager.spec: Signing 'qubes-desktop-linux-manager-4.1.13-1.fc35.noarch.rpm'..[0m
2022-05-11 20:34:23.643035 +0000 build-fedora1: .[38;5;246m20:34:23,315 .[96m[executor:local] .[0mExecuting 'bash -c /home/user/builder-r4.2/qubesbuilder/plugins/sign_rpm/scripts/sign-rpm --sign-key 27AA91350BD1600002D89B549F00A0C9784D8153 --db-path /home/user/builder-r4.2/artifacts/components/desktop-linux-manager/4.1.13-1/vm-fc35/sign/rpmdb --rpm /home/user/builder-r4.2/artifacts/components/desktop-linux-manager/4.1.13-1/vm-fc35/build/rpm/qubes-desktop-linux-manager-4.1.13-1.fc35.noarch.rpm'..[0m
2022-05-11 20:34:23.670436 +0000 build-fedora1: .[38;5;246m20:34:23,342 .[96m[executor:local] .[0moutput: warning: Could not set GPG_TTY to stdin: Inappropriate ioctl for device.[0m
2022-05-11 20:34:23.763471 +0000 build-fedora1: .[38;5;246m20:34:23,435 .[96m[executor:local] .[0moutput: warning: Could not set GPG_TTY to stdin: Inappropriate ioctl for device.[0m
2022-05-11 20:34:23.871814 +0000 build-fedora1: .[38;5;246m20:34:23,544 .[96m[executor:local] .[0moutput: /home/user/builder-r4.2/artifacts/components/desktop-linux-manager/4.1.13-1/vm-fc35/build/rpm/qubes-desktop-linux-manager-4.1.13-1.fc35.noarch.rpm:.[0m
2022-05-11 20:34:23.873339 +0000 build-fedora1: .[38;5;246m20:34:23,545 .[96m[sign_rpm] .[0mdesktop-linux-manager:vm-fedora-35.x86_64:rpm_spec/qubes-desktop-linux-manager.spec: Signing 'qubes-desktop-linux-manager-4.1.13-1.fc35.src.rpm'..[0m
2022-05-11 20:34:23.873496 +0000 build-fedora1: .[38;5;246m20:34:23,545 .[96m[executor:local] .[0mExecuting 'bash -c /home/user/builder-r4.2/qubesbuilder/plugins/sign_rpm/scripts/sign-rpm --sign-key 27AA91350BD1600002D89B549F00A0C9784D8153 --db-path /home/user/builder-r4.2/artifacts/components/desktop-linux-manager/4.1.13-1/vm-fc35/sign/rpmdb --rpm /home/user/builder-r4.2/artifacts/components/desktop-linux-manager/4.1.13-1/vm-fc35/prep/qubes-desktop-linux-manager-4.1.13-1.fc35.src.rpm'..[0m
2022-05-11 20:34:23.893889 +0000 build-fedora1: .[38;5;246m20:34:23,566 .[96m[executor:local] .[0moutput: warning: Could not set GPG_TTY to stdin: Inappropriate ioctl for device.[0m
2022-05-11 20:34:24.012030 +0000 build-fedora1: .[38;5;246m20:34:23,684 .[96m[executor:local] .[0moutput: warning: Could not set GPG_TTY to stdin: Inappropriate ioctl for device.[0m
2022-05-11 20:34:24.137944 +0000 build-fedora1: .[38;5;246m20:34:23,810 .[96m[executor:local] .[0moutput: /home/user/builder-r4.2/artifacts/components/desktop-linux-manager/4.1.13-1/vm-fc35/prep/qubes-desktop-linux-manager-4.1.13-1.fc35.src.rpm:.[0m
2022-05-11 20:34:24.139089 +0000 build-fedora1: .[38;5;246m20:34:23,811 .[96m[build_rpm] .[0mdesktop-linux-manager:vm-fedora-35.x86_64:rpm_spec/qubes-desktop-linux-manager.spec: Provisioning local repository '/home/user/builder-r4.2/artifacts/repository/vm-fc35'..[0m
2022-05-11 20:34:24.139126 +0000 build-fedora1: Running stage: publish
2022-05-11 20:34:24.144811 +0000 build-fedora1: .[38;5;246m20:34:23,817 .[96m[executor:local] .[0mExecuting 'bash -c /home/user/builder-r4.2/qubesbuilder/plugins/publish_rpm/scripts/create-skeleton r4.2 host fc32 /home/user/builder-r4.2/artifacts/repository-publish/rpm /home/user/builder-r4.2/qubesbuilder/plugins/publish_rpm/comps/comps-host.xml'..[0m
2022-05-11 20:34:24.170192 +0000 build-fedora1: .[38;5;246m20:34:23,842 .[96m[publish_rpm] .[0mdesktop-linux-manager:host-fedora-32.x86_64:rpm_spec/qubes-desktop-linux-manager.spec: Publishing RPMs to 'current-testing'..[0m
2022-05-11 20:34:24.170260 +0000 build-fedora1: .[38;5;246m20:34:23,842 .[96m[publish_rpm] .[0mdesktop-linux-manager:host-fedora-32.x86_64:rpm_spec/qubes-desktop-linux-manager.spec: Verifying signatures..[0m
2022-05-11 20:34:24.170333 +0000 build-fedora1: .[38;5;246m20:34:23,842 .[96m[executor:local] .[0mExecuting 'bash -c /home/user/builder-r4.2/qubesbuilder/plugins/sign_rpm/scripts/sign-rpm --sign-key 27AA91350BD1600002D89B549F00A0C9784D8153 --db-path /home/user/builder-r4.2/artifacts/components/desktop-linux-manager/4.1.13-1/host-fc32/sign/rpmdb --rpm /home/user/builder-r4.2/artifacts/components/desktop-linux-manager/4.1.13-1/host-fc32/build/rpm/qubes-desktop-linux-manager-4.1.13-1.fc32.noarch.rpm --check-only'..[0m
2022-05-11 20:34:24.182787 +0000 build-fedora1: .[38;5;246m20:34:23,855 .[96m[executor:local] .[0mExecuting 'bash -c /home/user/builder-r4.2/qubesbuilder/plugins/sign_rpm/scripts/sign-rpm --sign-key 27AA91350BD1600002D89B549F00A0C9784D8153 --db-path /home/user/builder-r4.2/artifacts/components/desktop-linux-manager/4.1.13-1/host-fc32/sign/rpmdb --rpm /home/user/builder-r4.2/artifacts/components/desktop-linux-manager/4.1.13-1/host-fc32/prep/qubes-desktop-linux-manager-4.1.13-1.fc32.src.rpm --check-only'..[0m
2022-05-11 20:34:24.192395 +0000 build-fedora1: .[38;5;246m20:34:23,864 .[96m[publish_rpm] .[0mdesktop-linux-manager:host-fedora-32.x86_64:rpm_spec/qubes-desktop-linux-manager.spec: Updating metadata..[0m
2022-05-11 20:34:24.192597 +0000 build-fedora1: .[38;5;246m20:34:23,865 .[96m[executor:local] .[0mExecuting 'bash -c cd /home/user/builder-r4.2/artifacts/repository-publish/rpm/r4.2/current-testing/host/fc32&&createrepo_c -g comps.xml .'..[0m
2022-05-11 20:34:24.265724 +0000 build-fedora1: .[38;5;246m20:34:23,937 .[96m[executor:local] .[0moutput: Directory walk started.[0m
2022-05-11 20:34:24.265806 +0000 build-fedora1: .[38;5;246m20:34:23,937 .[96m[executor:local] .[0moutput: Directory walk done - 6 packages.[0m
2022-05-11 20:34:24.265860 +0000 build-fedora1: .[38;5;246m20:34:23,937 .[96m[executor:local] .[0moutput: Using comps.xml from target repo.[0m
2022-05-11 20:34:24.265886 +0000 build-fedora1: .[38;5;246m20:34:23,937 .[96m[executor:local] .[0moutput: Temporary output repo path: ./.repodata/.[0m
2022-05-11 20:34:24.265908 +0000 build-fedora1: .[38;5;246m20:34:23,937 .[96m[executor:local] .[0moutput: Preparing sqlite DBs.[0m
2022-05-11 20:34:24.265931 +0000 build-fedora1: .[38;5;246m20:34:23,937 .[96m[executor:local] .[0moutput: Pool started (with 5 workers).[0m
2022-05-11 20:34:24.265952 +0000 build-fedora1: .[38;5;246m20:34:23,937 .[96m[executor:local] .[0moutput: Pool finished.[0m
2022-05-11 20:34:24.266298 +0000 build-fedora1: .[38;5;246m20:34:23,938 .[96m[publish_rpm] .[0mdesktop-linux-manager:host-fedora-32.x86_64:rpm_spec/qubes-desktop-linux-manager.spec: Signing metadata..[0m
2022-05-11 20:34:24.266369 +0000 build-fedora1: .[38;5;246m20:34:23,938 .[96m[executor:local] .[0mExecuting 'bash -c qubes-gpg-client-wrapper --batch --no-tty --yes --detach-sign --armor -u 27AA91350BD1600002D89B549F00A0C9784D8153 /home/user/builder-r4.2/artifacts/repository-publish/rpm/r4.2/current-testing/host/fc32/repodata/repomd.xml > /home/user/builder-r4.2/artifacts/repository-publish/rpm/r4.2/current-testing/host/fc32/repodata/repomd.xml.asc'..[0m
2022-05-11 20:34:24.389112 +0000 build-fedora1: .[38;5;246m20:34:24,061 .[96m[publish_rpm] .[0mCreating metalink for /home/user/builder-r4.2/artifacts/repository-publish/rpm/r4.2/current-testing/host/fc32/repodata/repomd.xml..[0m
2022-05-11 20:34:24.389239 +0000 build-fedora1: .[38;5;246m20:34:24,061 .[96m[executor:local] .[0mExecuting 'bash -c mkmetalink -b /home/user/builder-r4.2/artifacts/repository-publish/rpm/r4.2/current-testing/host/fc32 -- /home/user/builder-r4.2/qubesbuilder/plugins/publish_rpm/mirrors.list /home/user/builder-r4.2/artifacts/repository-publish/rpm/r4.2/current-testing/host/fc32/repodata/repomd.xml > /home/user/builder-r4.2/artifacts/repository-publish/rpm/r4.2/current-testing/host/fc32/repodata/repomd.xml.metalink'..[0m
2022-05-11 20:34:24.469273 +0000 build-fedora1: .[38;5;246m20:34:24,141 .[96m[executor:local] .[0mExecuting 'bash -c /home/user/builder-r4.2/qubesbuilder/plugins/github/scripts/notify-issues --build-log=https://github.com/marmarek/builderv2-staging-logs/tree/master/build-fedora1/log_2022-05-11_20-25-52 upload r4.2 /home/user/builder-r4.2/artifacts/sources/desktop-linux-manager desktop-linux-manager fc32 host current-testing /home/user/github-notify-state/r4.2-desktop-linux-manager-host-fc32-current-testing /home/user/github-notify-state/r4.2-desktop-linux-manager-host-fc32-current'..[0m
2022-05-11 20:34:24.560647 +0000 build-fedora1: .[38;5;246m20:34:24,232 .[96m[executor:local] .[0moutput: WARNING: /home/user/github-notify-state/r4.2-desktop-linux-manager-host-fc32-current-testing does not exist, initializing with the current state.[0m
2022-05-11 20:34:24.560721 +0000 build-fedora1: .[38;5;246m20:34:24,232 .[96m[executor:local] .[0moutput: Traceback (most recent call last):.[0m
2022-05-11 20:34:24.560756 +0000 build-fedora1: .[38;5;246m20:34:24,232 .[96m[executor:local] .[0moutput:   File "/home/user/builder-r4.2/qubesbuilder/plugins/github/scripts/notify-issues", line 627, in <module>.[0m
2022-05-11 20:34:24.560777 +0000 build-fedora1: .[38;5;246m20:34:24,232 .[96m[executor:local] .[0moutput:     main().[0m
2022-05-11 20:34:24.560808 +0000 build-fedora1: .[38;5;246m20:34:24,232 .[96m[executor:local] .[0moutput:   File "/home/user/builder-r4.2/qubesbuilder/plugins/github/scripts/notify-issues", line 615, in main.[0m
2022-05-11 20:34:24.560830 +0000 build-fedora1: .[38;5;246m20:34:24,232 .[96m[executor:local] .[0moutput:     notify_build_report(.[0m
2022-05-11 20:34:24.560864 +0000 build-fedora1: .[38;5;246m20:34:24,232 .[96m[executor:local] .[0moutput:   File "/home/user/builder-r4.2/qubesbuilder/plugins/github/scripts/notify-issues", line 443, in notify_build_report.[0m
2022-05-11 20:34:24.560912 +0000 build-fedora1: .[38;5;246m20:34:24,232 .[96m[executor:local] .[0moutput:     ) = get_package_changes(.[0m
2022-05-11 20:34:24.560945 +0000 build-fedora1: .[38;5;246m20:34:24,232 .[96m[executor:local] .[0moutput:   File "/home/user/builder-r4.2/qubesbuilder/plugins/github/scripts/notify-issues", line 301, in get_package_changes.[0m
2022-05-11 20:34:24.560970 +0000 build-fedora1: .[38;5;246m20:34:24,232 .[96m[executor:local] .[0moutput:     version = version_tags.decode().splitlines()[0].[0m
2022-05-11 20:34:24.560993 +0000 build-fedora1: .[38;5;246m20:34:24,232 .[96m[executor:local] .[0moutput: IndexError: list index out of range.[0m
2022-05-11 20:34:24.570071 +0000 build-fedora1: Error: desktop-linux-manager:host-fedora-32.x86_64: Failed to notify GitHub.
2022-05-11 20:34:24.570805 +0000 build-fedora1: Traceback (most recent call last):
2022-05-11 20:34:24.570842 +0000 build-fedora1:   File "/home/user/builder-r4.2/qubesbuilder/plugins/github/__init__.py", line 144, in run
2022-05-11 20:34:24.570863 +0000 build-fedora1:     self.executor.run(cmd, environment=self.environment)
2022-05-11 20:34:24.570884 +0000 build-fedora1:   File "/home/user/builder-r4.2/qubesbuilder/executors/local.py", line 85, in run
2022-05-11 20:34:24.570904 +0000 build-fedora1:     raise ExecutorError(f"Failed to run '{cmd}' (status={rc}).")
2022-05-11 20:34:24.570988 +0000 build-fedora1: qubesbuilder.executors.ExecutorError: Failed to run '['bash', '-c', '/home/user/builder-r4.2/qubesbuilder/plugins/github/scripts/notify-issues --build-log=https://github.com/marmarek/builderv2-staging-logs/tree/master/build-fedora1/log_2022-05-11_20-25-52 upload r4.2 /home/user/builder-r4.2/artifacts/sources/desktop-linux-manager desktop-linux-manager fc32 host current-testing /home/user/github-notify-state/r4.2-desktop-linux-manager-host-fc32-current-testing /home/user/github-notify-state/r4.2-desktop-linux-manager-host-fc32-current']' (status=1).
2022-05-11 20:34:24.571003 +0000 build-fedora1: 
2022-05-11 20:34:24.571025 +0000 build-fedora1: The above exception was the direct cause of the following exception:
2022-05-11 20:34:24.571036 +0000 build-fedora1: 
2022-05-11 20:34:24.571053 +0000 build-fedora1: Traceback (most recent call last):
2022-05-11 20:34:24.571082 +0000 build-fedora1:   File "/home/user/builder-r4.2/qubesbuilder/cli/cli_base.py", line 58, in __call__
2022-05-11 20:34:24.571099 +0000 build-fedora1:     return self.main(*args, **kwargs)
2022-05-11 20:34:24.571120 +0000 build-fedora1:   File "/usr/lib/python3.10/site-packages/click/core.py", line 1062, in main
2022-05-11 20:34:24.571135 +0000 build-fedora1:     rv = self.invoke(ctx)
2022-05-11 20:34:24.571157 +0000 build-fedora1:   File "/usr/lib/python3.10/site-packages/click/core.py", line 1668, in invoke
2022-05-11 20:34:24.571178 +0000 build-fedora1:     return _process_result(sub_ctx.command.invoke(sub_ctx))
2022-05-11 20:34:24.571200 +0000 build-fedora1:   File "/usr/lib/python3.10/site-packages/click/core.py", line 1699, in invoke
2022-05-11 20:34:24.571219 +0000 build-fedora1:     rv.append(sub_ctx.command.invoke(sub_ctx))
2022-05-11 20:34:24.571241 +0000 build-fedora1:   File "/usr/lib/python3.10/site-packages/click/core.py", line 1404, in invoke
2022-05-11 20:34:24.571259 +0000 build-fedora1:     return ctx.invoke(self.callback, **ctx.params)
2022-05-11 20:34:24.571281 +0000 build-fedora1:   File "/usr/lib/python3.10/site-packages/click/core.py", line 763, in invoke
2022-05-11 20:34:24.571299 +0000 build-fedora1:     return __callback(*args, **kwargs)
2022-05-11 20:34:24.571322 +0000 build-fedora1:   File "/usr/lib/python3.10/site-packages/click/decorators.py", line 38, in new_func
2022-05-11 20:34:24.571341 +0000 build-fedora1:     return f(get_current_context().obj, *args, **kwargs)
2022-05-11 20:34:24.571365 +0000 build-fedora1:   File "/home/user/builder-r4.2/qubesbuilder/cli/cli_package.py", line 202, in publish
2022-05-11 20:34:24.571440 +0000 build-fedora1:     _component_stage(obj=obj, stage_name="publish")
2022-05-11 20:34:24.571467 +0000 build-fedora1:   File "/home/user/builder-r4.2/qubesbuilder/cli/cli_package.py", line 132, in _component_stage
2022-05-11 20:34:24.571485 +0000 build-fedora1:     plugin.run(stage=stage_name)
2022-05-11 20:34:24.571508 +0000 build-fedora1:   File "/home/user/builder-r4.2/qubesbuilder/plugins/github/__init__.py", line 147, in run
2022-05-11 20:34:24.571525 +0000 build-fedora1:     raise GithubError(msg) from e
2022-05-11 20:34:24.571551 +0000 build-fedora1: qubesbuilder.plugins.github.GithubError: desktop-linux-manager:host-fedora-32.x86_64: Failed to notify GitHub.
2022-05-11 20:34:24.590597 +0000 > closing log
