2022-05-11 01:08:24.460095 +0000 > starting log
2022-05-11 01:08:24.460414 +0000 build-fedora1: > starting build with log
2022-05-11 01:08:24.460426 +0000 build-fedora1: >> args: -c app-linux-split-gpg -d host-fc32 -d vm-bullseye -d vm-fc35 package sign publish
2022-05-11 01:08:24.460433 +0000 build-fedora1: >> COMPONENTS=app-linux-split-gpg
2022-05-11 01:08:24.460439 +0000 build-fedora1: >> DISTS_VM=dists_vm
2022-05-11 01:08:24.460444 +0000 build-fedora1: >> DIST_HOST=
2022-05-11 01:08:24.460449 +0000 build-fedora1: >> app-linux-split-gpg:
2022-05-11 01:08:24.460456 +0000 build-fedora1: >>   commit-hash: bd743eac1c75a171a8b0cea3da5fbb64ac5bc169
2022-05-11 01:08:24.515325 +0000 build-fedora1: >>   source-hash: acc98793ece8eb1b63034a47b1266c1d9a5f01363b1a769e12edde9e2d4ad50f5e23d702a60e807fdecb44485cc8eb9f31192f00a14b253e5208ed6aa70f1c2f
2022-05-11 01:08:24.515413 +0000 build-fedora1: > running qb
2022-05-11 01:08:24.612740 +0000 build-fedora1: Running stage: sign
2022-05-11 01:08:24.625970 +0000 build-fedora1: .[38;5;246m01:08:24,740 .[96m[executor:local] .[0mExecuting 'bash -c mkdir -p /home/user/builder-r4.2/artifacts/components/app-linux-split-gpg/2.0.59-1/host-fc32/sign/rpmdb&&qubes-gpg-client-wrapper --armor --export 27AA91350BD1600002D89B549F00A0C9784D8153 > /home/user/builder-r4.2/artifacts/components/app-linux-split-gpg/2.0.59-1/host-fc32/sign/27AA91350BD1600002D89B549F00A0C9784D8153.asc&&rpmkeys --dbpath=/home/user/builder-r4.2/artifacts/components/app-linux-split-gpg/2.0.59-1/host-fc32/sign/rpmdb --import /home/user/builder-r4.2/artifacts/components/app-linux-split-gpg/2.0.59-1/host-fc32/sign/27AA91350BD1600002D89B549F00A0C9784D8153.asc'..[0m
2022-05-11 01:08:24.802626 +0000 build-fedora1: .[38;5;246m01:08:24,916 .[96m[sign_rpm] .[0mapp-linux-split-gpg:host-fedora-32.x86_64:rpm_spec/gpg-split-dom0.spec: Signing 'qubes-gpg-split-dom0-2.0.59-1.fc32.x86_64.rpm'..[0m
2022-05-11 01:08:24.802909 +0000 build-fedora1: .[38;5;246m01:08:24,916 .[96m[executor:local] .[0mExecuting 'bash -c /home/user/builder-r4.2/qubesbuilder/plugins/sign_rpm/scripts/sign-rpm --sign-key 27AA91350BD1600002D89B549F00A0C9784D8153 --db-path /home/user/builder-r4.2/artifacts/components/app-linux-split-gpg/2.0.59-1/host-fc32/sign/rpmdb --rpm /home/user/builder-r4.2/artifacts/components/app-linux-split-gpg/2.0.59-1/host-fc32/build/rpm/qubes-gpg-split-dom0-2.0.59-1.fc32.x86_64.rpm'..[0m
2022-05-11 01:08:24.818712 +0000 build-fedora1: .[38;5;246m01:08:24,932 .[96m[executor:local] .[0moutput: warning: Could not set GPG_TTY to stdin: Inappropriate ioctl for device.[0m
2022-05-11 01:08:24.945629 +0000 build-fedora1: .[38;5;246m01:08:25,059 .[96m[executor:local] .[0moutput: warning: Could not set GPG_TTY to stdin: Inappropriate ioctl for device.[0m
2022-05-11 01:08:25.062089 +0000 build-fedora1: .[38;5;246m01:08:25,176 .[96m[executor:local] .[0moutput: /home/user/builder-r4.2/artifacts/components/app-linux-split-gpg/2.0.59-1/host-fc32/build/rpm/qubes-gpg-split-dom0-2.0.59-1.fc32.x86_64.rpm:.[0m
2022-05-11 01:08:25.065339 +0000 build-fedora1: .[38;5;246m01:08:25,177 .[96m[sign_rpm] .[0mapp-linux-split-gpg:host-fedora-32.x86_64:rpm_spec/gpg-split-dom0.spec: Signing 'qubes-gpg-split-dom0-2.0.59-1.fc32.src.rpm'..[0m
2022-05-11 01:08:25.065491 +0000 build-fedora1: .[38;5;246m01:08:25,177 .[96m[executor:local] .[0mExecuting 'bash -c /home/user/builder-r4.2/qubesbuilder/plugins/sign_rpm/scripts/sign-rpm --sign-key 27AA91350BD1600002D89B549F00A0C9784D8153 --db-path /home/user/builder-r4.2/artifacts/components/app-linux-split-gpg/2.0.59-1/host-fc32/sign/rpmdb --rpm /home/user/builder-r4.2/artifacts/components/app-linux-split-gpg/2.0.59-1/host-fc32/prep/qubes-gpg-split-dom0-2.0.59-1.fc32.src.rpm'..[0m
2022-05-11 01:08:25.084712 +0000 build-fedora1: .[38;5;246m01:08:25,199 .[96m[executor:local] .[0moutput: warning: Could not set GPG_TTY to stdin: Inappropriate ioctl for device.[0m
2022-05-11 01:08:25.218068 +0000 build-fedora1: .[38;5;246m01:08:25,332 .[96m[executor:local] .[0moutput: warning: Could not set GPG_TTY to stdin: Inappropriate ioctl for device.[0m
2022-05-11 01:08:25.331964 +0000 build-fedora1: .[38;5;246m01:08:25,446 .[96m[executor:local] .[0moutput: /home/user/builder-r4.2/artifacts/components/app-linux-split-gpg/2.0.59-1/host-fc32/prep/qubes-gpg-split-dom0-2.0.59-1.fc32.src.rpm:.[0m
2022-05-11 01:08:25.333869 +0000 build-fedora1: .[38;5;246m01:08:25,447 .[96m[build_rpm] .[0mapp-linux-split-gpg:host-fedora-32.x86_64:rpm_spec/gpg-split-dom0.spec: Provisioning local repository '/home/user/builder-r4.2/artifacts/repository/host-fc32'..[0m
2022-05-11 01:08:25.339694 +0000 build-fedora1: .[38;5;246m01:08:25,453 .[96m[executor:local] .[0mExecuting 'bash -c qubes-gpg-client-wrapper --armor --export 27AA91350BD1600002D89B549F00A0C9784D8153 > /home/user/builder-r4.2/artifacts/components/app-linux-split-gpg/2.0.59-1/vm-bullseye/sign/27AA91350BD1600002D89B549F00A0C9784D8153.asc&&gpg2 --homedir /home/user/builder-r4.2/artifacts/components/app-linux-split-gpg/2.0.59-1/vm-bullseye/sign/keyring --import /home/user/builder-r4.2/artifacts/components/app-linux-split-gpg/2.0.59-1/vm-bullseye/sign/27AA91350BD1600002D89B549F00A0C9784D8153.asc'..[0m
2022-05-11 01:08:25.472184 +0000 build-fedora1: .[38;5;246m01:08:25,586 .[96m[executor:local] .[0moutput: gpg: keybox '/home/user/builder-r4.2/artifacts/components/app-linux-split-gpg/2.0.59-1/vm-bullseye/sign/keyring/pubring.kbx' created.[0m
2022-05-11 01:08:25.477440 +0000 build-fedora1: .[38;5;246m01:08:25,591 .[96m[executor:local] .[0moutput: gpg: /home/user/builder-r4.2/artifacts/components/app-linux-split-gpg/2.0.59-1/vm-bullseye/sign/keyring/trustdb.gpg: trustdb created.[0m
2022-05-11 01:08:25.477505 +0000 build-fedora1: .[38;5;246m01:08:25,591 .[96m[executor:local] .[0moutput: gpg: key 9F00A0C9784D8153: public key "Qubes builder TEST KEY" imported.[0m
2022-05-11 01:08:25.484012 +0000 build-fedora1: .[38;5;246m01:08:25,597 .[96m[executor:local] .[0moutput: gpg: Total number processed: 1.[0m
2022-05-11 01:08:25.484075 +0000 build-fedora1: .[38;5;246m01:08:25,597 .[96m[executor:local] .[0moutput: gpg:               imported: 1.[0m
2022-05-11 01:08:25.485462 +0000 build-fedora1: .[38;5;246m01:08:25,599 .[96m[sign_deb] .[0mapp-linux-split-gpg:vm-debian-11.amd64:debian: Signing from 'qubes-gpg-split_2.0.59-1+deb11u1_amd64.changes' info..[0m
2022-05-11 01:08:25.485680 +0000 build-fedora1: .[38;5;246m01:08:25,599 .[96m[executor:local] .[0mExecuting 'bash -c debsign -k27AA91350BD1600002D89B549F00A0C9784D8153 -pqubes-gpg-client-wrapper --no-re-sign /home/user/builder-r4.2/artifacts/components/app-linux-split-gpg/2.0.59-1/vm-bullseye/build/qubes-gpg-split_2.0.59-1+deb11u1_amd64.changes'..[0m
2022-05-11 01:08:25.537530 +0000 build-fedora1: .[38;5;246m01:08:25,651 .[96m[executor:local] .[0moutput:  signfile dsc /home/user/builder-r4.2/artifacts/components/app-linux-split-gpg/2.0.59-1/vm-bullseye/build/qubes-gpg-split_2.0.59-1+deb11u1.dsc 27AA91350BD1600002D89B549F00A0C9784D8153.[0m
2022-05-11 01:08:25.800668 +0000 build-fedora1: .[38;5;246m01:08:25,914 .[96m[executor:local] .[0moutput: .[0m
2022-05-11 01:08:25.825330 +0000 build-fedora1: .[38;5;246m01:08:25,939 .[96m[executor:local] .[0moutput:  fixup_buildinfo /home/user/builder-r4.2/artifacts/components/app-linux-split-gpg/2.0.59-1/vm-bullseye/build/qubes-gpg-split_2.0.59-1+deb11u1.dsc /home/user/builder-r4.2/artifacts/components/app-linux-split-gpg/2.0.59-1/vm-bullseye/build/qubes-gpg-split_2.0.59-1+deb11u1_amd64.buildinfo.[0m
2022-05-11 01:08:25.837009 +0000 build-fedora1: .[38;5;246m01:08:25,946 .[96m[executor:local] .[0moutput:  signfile buildinfo /home/user/builder-r4.2/artifacts/components/app-linux-split-gpg/2.0.59-1/vm-bullseye/build/qubes-gpg-split_2.0.59-1+deb11u1_amd64.buildinfo 27AA91350BD1600002D89B549F00A0C9784D8153.[0m
2022-05-11 01:08:26.050771 +0000 build-fedora1: .[38;5;246m01:08:26,165 .[96m[executor:local] .[0moutput: .[0m
2022-05-11 01:08:26.069491 +0000 build-fedora1: .[38;5;246m01:08:26,183 .[96m[executor:local] .[0moutput:  fixup_changes dsc /home/user/builder-r4.2/artifacts/components/app-linux-split-gpg/2.0.59-1/vm-bullseye/build/qubes-gpg-split_2.0.59-1+deb11u1.dsc /home/user/builder-r4.2/artifacts/components/app-linux-split-gpg/2.0.59-1/vm-bullseye/build/qubes-gpg-split_2.0.59-1+deb11u1_amd64.changes.[0m
2022-05-11 01:08:26.088592 +0000 build-fedora1: .[38;5;246m01:08:26,202 .[96m[executor:local] .[0moutput:  fixup_changes buildinfo /home/user/builder-r4.2/artifacts/components/app-linux-split-gpg/2.0.59-1/vm-bullseye/build/qubes-gpg-split_2.0.59-1+deb11u1_amd64.buildinfo /home/user/builder-r4.2/artifacts/components/app-linux-split-gpg/2.0.59-1/vm-bullseye/build/qubes-gpg-split_2.0.59-1+deb11u1_amd64.changes.[0m
2022-05-11 01:08:26.092624 +0000 build-fedora1: .[38;5;246m01:08:26,206 .[96m[executor:local] .[0moutput:  signfile changes /home/user/builder-r4.2/artifacts/components/app-linux-split-gpg/2.0.59-1/vm-bullseye/build/qubes-gpg-split_2.0.59-1+deb11u1_amd64.changes 27AA91350BD1600002D89B549F00A0C9784D8153.[0m
2022-05-11 01:08:26.357375 +0000 build-fedora1: .[38;5;246m01:08:26,471 .[96m[executor:local] .[0moutput: .[0m
2022-05-11 01:08:26.358531 +0000 build-fedora1: .[38;5;246m01:08:26,472 .[96m[executor:local] .[0moutput: Successfully signed dsc, buildinfo, changes files.[0m
2022-05-11 01:08:26.359905 +0000 build-fedora1: .[38;5;246m01:08:26,474 .[96m[build_deb] .[0mapp-linux-split-gpg:vm-debian-11.amd64:debian: Provisioning local repository '/home/user/builder-r4.2/artifacts/repository/vm-bullseye'..[0m
2022-05-11 01:08:26.366035 +0000 build-fedora1: .[38;5;246m01:08:26,480 .[96m[executor:local] .[0mExecuting 'bash -c mkdir -p /home/user/builder-r4.2/artifacts/components/app-linux-split-gpg/2.0.59-1/vm-fc35/sign/rpmdb&&qubes-gpg-client-wrapper --armor --export 27AA91350BD1600002D89B549F00A0C9784D8153 > /home/user/builder-r4.2/artifacts/components/app-linux-split-gpg/2.0.59-1/vm-fc35/sign/27AA91350BD1600002D89B549F00A0C9784D8153.asc&&rpmkeys --dbpath=/home/user/builder-r4.2/artifacts/components/app-linux-split-gpg/2.0.59-1/vm-fc35/sign/rpmdb --import /home/user/builder-r4.2/artifacts/components/app-linux-split-gpg/2.0.59-1/vm-fc35/sign/27AA91350BD1600002D89B549F00A0C9784D8153.asc'..[0m
2022-05-11 01:08:26.532596 +0000 build-fedora1: .[38;5;246m01:08:26,646 .[96m[sign_rpm] .[0mapp-linux-split-gpg:vm-fedora-35.x86_64:rpm_spec/gpg-split.spec: Signing 'qubes-gpg-split-2.0.59-1.fc35.x86_64.rpm'..[0m
2022-05-11 01:08:26.532730 +0000 build-fedora1: .[38;5;246m01:08:26,646 .[96m[executor:local] .[0mExecuting 'bash -c /home/user/builder-r4.2/qubesbuilder/plugins/sign_rpm/scripts/sign-rpm --sign-key 27AA91350BD1600002D89B549F00A0C9784D8153 --db-path /home/user/builder-r4.2/artifacts/components/app-linux-split-gpg/2.0.59-1/vm-fc35/sign/rpmdb --rpm /home/user/builder-r4.2/artifacts/components/app-linux-split-gpg/2.0.59-1/vm-fc35/build/rpm/qubes-gpg-split-2.0.59-1.fc35.x86_64.rpm'..[0m
2022-05-11 01:08:26.548502 +0000 build-fedora1: .[38;5;246m01:08:26,662 .[96m[executor:local] .[0moutput: warning: Could not set GPG_TTY to stdin: Inappropriate ioctl for device.[0m
2022-05-11 01:08:26.654130 +0000 build-fedora1: .[38;5;246m01:08:26,768 .[96m[executor:local] .[0moutput: warning: Could not set GPG_TTY to stdin: Inappropriate ioctl for device.[0m
2022-05-11 01:08:26.774689 +0000 build-fedora1: .[38;5;246m01:08:26,888 .[96m[executor:local] .[0moutput: /home/user/builder-r4.2/artifacts/components/app-linux-split-gpg/2.0.59-1/vm-fc35/build/rpm/qubes-gpg-split-2.0.59-1.fc35.x86_64.rpm:.[0m
2022-05-11 01:08:26.775612 +0000 build-fedora1: .[38;5;246m01:08:26,889 .[96m[sign_rpm] .[0mapp-linux-split-gpg:vm-fedora-35.x86_64:rpm_spec/gpg-split.spec: Signing 'qubes-gpg-split-tests-2.0.59-1.fc35.x86_64.rpm'..[0m
2022-05-11 01:08:26.775648 +0000 build-fedora1: .[38;5;246m01:08:26,890 .[96m[executor:local] .[0mExecuting 'bash -c /home/user/builder-r4.2/qubesbuilder/plugins/sign_rpm/scripts/sign-rpm --sign-key 27AA91350BD1600002D89B549F00A0C9784D8153 --db-path /home/user/builder-r4.2/artifacts/components/app-linux-split-gpg/2.0.59-1/vm-fc35/sign/rpmdb --rpm /home/user/builder-r4.2/artifacts/components/app-linux-split-gpg/2.0.59-1/vm-fc35/build/rpm/qubes-gpg-split-tests-2.0.59-1.fc35.x86_64.rpm'..[0m
2022-05-11 01:08:26.794141 +0000 build-fedora1: .[38;5;246m01:08:26,908 .[96m[executor:local] .[0moutput: warning: Could not set GPG_TTY to stdin: Inappropriate ioctl for device.[0m
2022-05-11 01:08:26.929692 +0000 build-fedora1: .[38;5;246m01:08:27,043 .[96m[executor:local] .[0moutput: warning: Could not set GPG_TTY to stdin: Inappropriate ioctl for device.[0m
2022-05-11 01:08:27.058198 +0000 build-fedora1: .[38;5;246m01:08:27,172 .[96m[executor:local] .[0moutput: /home/user/builder-r4.2/artifacts/components/app-linux-split-gpg/2.0.59-1/vm-fc35/build/rpm/qubes-gpg-split-tests-2.0.59-1.fc35.x86_64.rpm:.[0m
2022-05-11 01:08:27.061756 +0000 build-fedora1: .[38;5;246m01:08:27,175 .[96m[sign_rpm] .[0mapp-linux-split-gpg:vm-fedora-35.x86_64:rpm_spec/gpg-split.spec: Signing 'qubes-gpg-split-debuginfo-2.0.59-1.fc35.x86_64.rpm'..[0m
2022-05-11 01:08:27.061877 +0000 build-fedora1: .[38;5;246m01:08:27,175 .[96m[executor:local] .[0mExecuting 'bash -c /home/user/builder-r4.2/qubesbuilder/plugins/sign_rpm/scripts/sign-rpm --sign-key 27AA91350BD1600002D89B549F00A0C9784D8153 --db-path /home/user/builder-r4.2/artifacts/components/app-linux-split-gpg/2.0.59-1/vm-fc35/sign/rpmdb --rpm /home/user/builder-r4.2/artifacts/components/app-linux-split-gpg/2.0.59-1/vm-fc35/build/rpm/qubes-gpg-split-debuginfo-2.0.59-1.fc35.x86_64.rpm'..[0m
2022-05-11 01:08:27.083946 +0000 build-fedora1: .[38;5;246m01:08:27,198 .[96m[executor:local] .[0moutput: warning: Could not set GPG_TTY to stdin: Inappropriate ioctl for device.[0m
2022-05-11 01:08:27.211426 +0000 build-fedora1: .[38;5;246m01:08:27,325 .[96m[executor:local] .[0moutput: warning: Could not set GPG_TTY to stdin: Inappropriate ioctl for device.[0m
2022-05-11 01:08:27.348670 +0000 build-fedora1: .[38;5;246m01:08:27,462 .[96m[executor:local] .[0moutput: /home/user/builder-r4.2/artifacts/components/app-linux-split-gpg/2.0.59-1/vm-fc35/build/rpm/qubes-gpg-split-debuginfo-2.0.59-1.fc35.x86_64.rpm:.[0m
2022-05-11 01:08:27.350154 +0000 build-fedora1: .[38;5;246m01:08:27,464 .[96m[sign_rpm] .[0mapp-linux-split-gpg:vm-fedora-35.x86_64:rpm_spec/gpg-split.spec: Signing 'qubes-gpg-split-debugsource-2.0.59-1.fc35.x86_64.rpm'..[0m
2022-05-11 01:08:27.350201 +0000 build-fedora1: .[38;5;246m01:08:27,464 .[96m[executor:local] .[0mExecuting 'bash -c /home/user/builder-r4.2/qubesbuilder/plugins/sign_rpm/scripts/sign-rpm --sign-key 27AA91350BD1600002D89B549F00A0C9784D8153 --db-path /home/user/builder-r4.2/artifacts/components/app-linux-split-gpg/2.0.59-1/vm-fc35/sign/rpmdb --rpm /home/user/builder-r4.2/artifacts/components/app-linux-split-gpg/2.0.59-1/vm-fc35/build/rpm/qubes-gpg-split-debugsource-2.0.59-1.fc35.x86_64.rpm'..[0m
2022-05-11 01:08:27.367187 +0000 build-fedora1: .[38;5;246m01:08:27,481 .[96m[executor:local] .[0moutput: warning: Could not set GPG_TTY to stdin: Inappropriate ioctl for device.[0m
2022-05-11 01:08:27.489661 +0000 build-fedora1: .[38;5;246m01:08:27,603 .[96m[executor:local] .[0moutput: warning: Could not set GPG_TTY to stdin: Inappropriate ioctl for device.[0m
2022-05-11 01:08:27.606791 +0000 build-fedora1: .[38;5;246m01:08:27,721 .[96m[executor:local] .[0moutput: /home/user/builder-r4.2/artifacts/components/app-linux-split-gpg/2.0.59-1/vm-fc35/build/rpm/qubes-gpg-split-debugsource-2.0.59-1.fc35.x86_64.rpm:.[0m
2022-05-11 01:08:27.607632 +0000 build-fedora1: .[38;5;246m01:08:27,721 .[96m[sign_rpm] .[0mapp-linux-split-gpg:vm-fedora-35.x86_64:rpm_spec/gpg-split.spec: Signing 'qubes-gpg-split-2.0.59-1.fc35.src.rpm'..[0m
2022-05-11 01:08:27.607664 +0000 build-fedora1: .[38;5;246m01:08:27,722 .[96m[executor:local] .[0mExecuting 'bash -c /home/user/builder-r4.2/qubesbuilder/plugins/sign_rpm/scripts/sign-rpm --sign-key 27AA91350BD1600002D89B549F00A0C9784D8153 --db-path /home/user/builder-r4.2/artifacts/components/app-linux-split-gpg/2.0.59-1/vm-fc35/sign/rpmdb --rpm /home/user/builder-r4.2/artifacts/components/app-linux-split-gpg/2.0.59-1/vm-fc35/prep/qubes-gpg-split-2.0.59-1.fc35.src.rpm'..[0m
2022-05-11 01:08:27.629990 +0000 build-fedora1: .[38;5;246m01:08:27,744 .[96m[executor:local] .[0moutput: warning: Could not set GPG_TTY to stdin: Inappropriate ioctl for device.[0m
2022-05-11 01:08:27.757125 +0000 build-fedora1: .[38;5;246m01:08:27,871 .[96m[executor:local] .[0moutput: warning: Could not set GPG_TTY to stdin: Inappropriate ioctl for device.[0m
2022-05-11 01:08:27.867446 +0000 build-fedora1: .[38;5;246m01:08:27,981 .[96m[executor:local] .[0moutput: /home/user/builder-r4.2/artifacts/components/app-linux-split-gpg/2.0.59-1/vm-fc35/prep/qubes-gpg-split-2.0.59-1.fc35.src.rpm:.[0m
2022-05-11 01:08:27.870201 +0000 build-fedora1: .[38;5;246m01:08:27,983 .[96m[build_rpm] .[0mapp-linux-split-gpg:vm-fedora-35.x86_64:rpm_spec/gpg-split.spec: Provisioning local repository '/home/user/builder-r4.2/artifacts/repository/vm-fc35'..[0m
2022-05-11 01:08:27.870229 +0000 build-fedora1: Running stage: publish
2022-05-11 01:08:27.876389 +0000 build-fedora1: .[38;5;246m01:08:27,990 .[96m[executor:local] .[0mExecuting 'bash -c /home/user/builder-r4.2/qubesbuilder/plugins/publish_rpm/scripts/create-skeleton r4.2 host fc32 /home/user/builder-r4.2/artifacts/repository-publish/rpm /home/user/builder-r4.2/qubesbuilder/plugins/publish_rpm/comps/comps-host.xml'..[0m
2022-05-11 01:08:27.905579 +0000 build-fedora1: .[38;5;246m01:08:28,019 .[96m[publish_rpm] .[0mapp-linux-split-gpg:host-fedora-32.x86_64:rpm_spec/gpg-split-dom0.spec: Publishing RPMs to 'current-testing'..[0m
2022-05-11 01:08:27.906047 +0000 build-fedora1: .[38;5;246m01:08:28,019 .[96m[publish_rpm] .[0mapp-linux-split-gpg:host-fedora-32.x86_64:rpm_spec/gpg-split-dom0.spec: Verifying signatures..[0m
2022-05-11 01:08:27.906149 +0000 build-fedora1: .[38;5;246m01:08:28,019 .[96m[executor:local] .[0mExecuting 'bash -c /home/user/builder-r4.2/qubesbuilder/plugins/sign_rpm/scripts/sign-rpm --sign-key 27AA91350BD1600002D89B549F00A0C9784D8153 --db-path /home/user/builder-r4.2/artifacts/components/app-linux-split-gpg/2.0.59-1/host-fc32/sign/rpmdb --rpm /home/user/builder-r4.2/artifacts/components/app-linux-split-gpg/2.0.59-1/host-fc32/build/rpm/qubes-gpg-split-dom0-2.0.59-1.fc32.x86_64.rpm --check-only'..[0m
2022-05-11 01:08:27.915337 +0000 build-fedora1: .[38;5;246m01:08:28,029 .[96m[executor:local] .[0mExecuting 'bash -c /home/user/builder-r4.2/qubesbuilder/plugins/sign_rpm/scripts/sign-rpm --sign-key 27AA91350BD1600002D89B549F00A0C9784D8153 --db-path /home/user/builder-r4.2/artifacts/components/app-linux-split-gpg/2.0.59-1/host-fc32/sign/rpmdb --rpm /home/user/builder-r4.2/artifacts/components/app-linux-split-gpg/2.0.59-1/host-fc32/prep/qubes-gpg-split-dom0-2.0.59-1.fc32.src.rpm --check-only'..[0m
2022-05-11 01:08:27.923186 +0000 build-fedora1: .[38;5;246m01:08:28,037 .[96m[publish_rpm] .[0mapp-linux-split-gpg:host-fedora-32.x86_64:rpm_spec/gpg-split-dom0.spec: Updating metadata..[0m
2022-05-11 01:08:27.923226 +0000 build-fedora1: .[38;5;246m01:08:28,037 .[96m[executor:local] .[0mExecuting 'bash -c cd /home/user/builder-r4.2/artifacts/repository-publish/rpm/r4.2/current-testing/host/fc32&&createrepo_c -g comps.xml .'..[0m
2022-05-11 01:08:27.981595 +0000 build-fedora1: .[38;5;246m01:08:28,095 .[96m[executor:local] .[0moutput: Directory walk started.[0m
2022-05-11 01:08:27.981694 +0000 build-fedora1: .[38;5;246m01:08:28,095 .[96m[executor:local] .[0moutput: Directory walk done - 2 packages.[0m
2022-05-11 01:08:27.981725 +0000 build-fedora1: .[38;5;246m01:08:28,095 .[96m[executor:local] .[0moutput: Using comps.xml from target repo.[0m
2022-05-11 01:08:27.981753 +0000 build-fedora1: .[38;5;246m01:08:28,095 .[96m[executor:local] .[0moutput: Temporary output repo path: ./.repodata/.[0m
2022-05-11 01:08:27.981805 +0000 build-fedora1: .[38;5;246m01:08:28,095 .[96m[executor:local] .[0moutput: Preparing sqlite DBs.[0m
2022-05-11 01:08:27.981831 +0000 build-fedora1: .[38;5;246m01:08:28,095 .[96m[executor:local] .[0moutput: Pool started (with 5 workers).[0m
2022-05-11 01:08:27.981853 +0000 build-fedora1: .[38;5;246m01:08:28,095 .[96m[executor:local] .[0moutput: Pool finished.[0m
2022-05-11 01:08:27.983198 +0000 build-fedora1: .[38;5;246m01:08:28,096 .[96m[publish_rpm] .[0mapp-linux-split-gpg:host-fedora-32.x86_64:rpm_spec/gpg-split-dom0.spec: Signing metadata..[0m
2022-05-11 01:08:27.983285 +0000 build-fedora1: .[38;5;246m01:08:28,097 .[96m[executor:local] .[0mExecuting 'bash -c qubes-gpg-client-wrapper --batch --no-tty --yes --detach-sign --armor -u 27AA91350BD1600002D89B549F00A0C9784D8153 /home/user/builder-r4.2/artifacts/repository-publish/rpm/r4.2/current-testing/host/fc32/repodata/repomd.xml > /home/user/builder-r4.2/artifacts/repository-publish/rpm/r4.2/current-testing/host/fc32/repodata/repomd.xml.asc'..[0m
2022-05-11 01:08:28.115127 +0000 build-fedora1: .[38;5;246m01:08:28,228 .[96m[publish_rpm] .[0mCreating metalink for /home/user/builder-r4.2/artifacts/repository-publish/rpm/r4.2/current-testing/host/fc32/repodata/repomd.xml..[0m
2022-05-11 01:08:28.115255 +0000 build-fedora1: .[38;5;246m01:08:28,228 .[96m[executor:local] .[0mExecuting 'bash -c mkmetalink -b /home/user/builder-r4.2/artifacts/repository-publish/rpm/r4.2/current-testing/host/fc32 -- /home/user/builder-r4.2/qubesbuilder/plugins/publish_rpm/mirrors.list /home/user/builder-r4.2/artifacts/repository-publish/rpm/r4.2/current-testing/host/fc32/repodata/repomd.xml > /home/user/builder-r4.2/artifacts/repository-publish/rpm/r4.2/current-testing/host/fc32/repodata/repomd.xml.metalink'..[0m
2022-05-11 01:08:28.226518 +0000 build-fedora1: .[38;5;246m01:08:28,340 .[96m[executor:local] .[0mExecuting 'bash -c /home/user/builder-r4.2/qubesbuilder/plugins/github/scripts/notify-issues --build-log=https://github.com/marmarek/builderv2-staging-logs/tree/master/build-fedora1/log_2022-05-11_00-59-51 upload r4.2 /home/user/builder-r4.2/artifacts/sources/app-linux-split-gpg app-linux-split-gpg fc32 host current-testing /home/user/github-notify-state/r4.2-app-linux-split-gpg-host-fc32-current-testing /home/user/github-notify-state/r4.2-app-linux-split-gpg-host-fc32-current'..[0m
2022-05-11 01:08:28.316079 +0000 build-fedora1: .[38;5;246m01:08:28,429 .[96m[executor:local] .[0moutput: WARNING: /home/user/github-notify-state/r4.2-app-linux-split-gpg-host-fc32-current-testing does not exist, initializing with the current state.[0m
2022-05-11 01:08:28.316164 +0000 build-fedora1: .[38;5;246m01:08:28,429 .[96m[executor:local] .[0moutput: Traceback (most recent call last):.[0m
2022-05-11 01:08:28.316198 +0000 build-fedora1: .[38;5;246m01:08:28,429 .[96m[executor:local] .[0moutput:   File "/home/user/builder-r4.2/qubesbuilder/plugins/github/scripts/notify-issues", line 627, in <module>.[0m
2022-05-11 01:08:28.316219 +0000 build-fedora1: .[38;5;246m01:08:28,430 .[96m[executor:local] .[0moutput:     main().[0m
2022-05-11 01:08:28.316249 +0000 build-fedora1: .[38;5;246m01:08:28,430 .[96m[executor:local] .[0moutput:   File "/home/user/builder-r4.2/qubesbuilder/plugins/github/scripts/notify-issues", line 608, in main.[0m
2022-05-11 01:08:28.316272 +0000 build-fedora1: .[38;5;246m01:08:28,430 .[96m[executor:local] .[0moutput:     with open(args.state_file, "w") as f:.[0m
2022-05-11 01:08:28.316304 +0000 build-fedora1: .[38;5;246m01:08:28,430 .[96m[executor:local] .[0moutput: FileNotFoundError: [Errno 2] No such file or directory: '/home/user/github-notify-state/r4.2-app-linux-split-gpg-host-fc32-current-testing'.[0m
2022-05-11 01:08:28.331490 +0000 build-fedora1: Error: app-linux-split-gpg:host-fedora-32.x86_64: Failed to notify GitHub.
2022-05-11 01:08:28.333077 +0000 build-fedora1: Traceback (most recent call last):
2022-05-11 01:08:28.333132 +0000 build-fedora1:   File "/home/user/builder-r4.2/qubesbuilder/plugins/github/__init__.py", line 144, in run
2022-05-11 01:08:28.333178 +0000 build-fedora1:     self.executor.run(cmd, environment=self.environment)
2022-05-11 01:08:28.333201 +0000 build-fedora1:   File "/home/user/builder-r4.2/qubesbuilder/executors/local.py", line 85, in run
2022-05-11 01:08:28.333221 +0000 build-fedora1:     raise ExecutorError(f"Failed to run '{cmd}' (status={rc}).")
2022-05-11 01:08:28.333304 +0000 build-fedora1: qubesbuilder.executors.ExecutorError: Failed to run '['bash', '-c', '/home/user/builder-r4.2/qubesbuilder/plugins/github/scripts/notify-issues --build-log=https://github.com/marmarek/builderv2-staging-logs/tree/master/build-fedora1/log_2022-05-11_00-59-51 upload r4.2 /home/user/builder-r4.2/artifacts/sources/app-linux-split-gpg app-linux-split-gpg fc32 host current-testing /home/user/github-notify-state/r4.2-app-linux-split-gpg-host-fc32-current-testing /home/user/github-notify-state/r4.2-app-linux-split-gpg-host-fc32-current']' (status=1).
2022-05-11 01:08:28.333318 +0000 build-fedora1: 
2022-05-11 01:08:28.333338 +0000 build-fedora1: The above exception was the direct cause of the following exception:
2022-05-11 01:08:28.333384 +0000 build-fedora1: 
2022-05-11 01:08:28.333402 +0000 build-fedora1: Traceback (most recent call last):
2022-05-11 01:08:28.333424 +0000 build-fedora1:   File "/home/user/builder-r4.2/qubesbuilder/cli/cli_base.py", line 58, in __call__
2022-05-11 01:08:28.333440 +0000 build-fedora1:     return self.main(*args, **kwargs)
2022-05-11 01:08:28.333461 +0000 build-fedora1:   File "/usr/lib/python3.10/site-packages/click/core.py", line 1062, in main
2022-05-11 01:08:28.333476 +0000 build-fedora1:     rv = self.invoke(ctx)
2022-05-11 01:08:28.333497 +0000 build-fedora1:   File "/usr/lib/python3.10/site-packages/click/core.py", line 1668, in invoke
2022-05-11 01:08:28.333516 +0000 build-fedora1:     return _process_result(sub_ctx.command.invoke(sub_ctx))
2022-05-11 01:08:28.333537 +0000 build-fedora1:   File "/usr/lib/python3.10/site-packages/click/core.py", line 1699, in invoke
2022-05-11 01:08:28.333554 +0000 build-fedora1:     rv.append(sub_ctx.command.invoke(sub_ctx))
2022-05-11 01:08:28.333575 +0000 build-fedora1:   File "/usr/lib/python3.10/site-packages/click/core.py", line 1404, in invoke
2022-05-11 01:08:28.333592 +0000 build-fedora1:     return ctx.invoke(self.callback, **ctx.params)
2022-05-11 01:08:28.333613 +0000 build-fedora1:   File "/usr/lib/python3.10/site-packages/click/core.py", line 763, in invoke
2022-05-11 01:08:28.333630 +0000 build-fedora1:     return __callback(*args, **kwargs)
2022-05-11 01:08:28.333651 +0000 build-fedora1:   File "/usr/lib/python3.10/site-packages/click/decorators.py", line 38, in new_func
2022-05-11 01:08:28.333669 +0000 build-fedora1:     return f(get_current_context().obj, *args, **kwargs)
2022-05-11 01:08:28.333691 +0000 build-fedora1:   File "/home/user/builder-r4.2/qubesbuilder/cli/cli_package.py", line 202, in publish
2022-05-11 01:08:28.333708 +0000 build-fedora1:     _component_stage(obj=obj, stage_name="publish")
2022-05-11 01:08:28.333731 +0000 build-fedora1:   File "/home/user/builder-r4.2/qubesbuilder/cli/cli_package.py", line 132, in _component_stage
2022-05-11 01:08:28.333747 +0000 build-fedora1:     plugin.run(stage=stage_name)
2022-05-11 01:08:28.333769 +0000 build-fedora1:   File "/home/user/builder-r4.2/qubesbuilder/plugins/github/__init__.py", line 147, in run
2022-05-11 01:08:28.333785 +0000 build-fedora1:     raise GithubError(msg) from e
2022-05-11 01:08:28.333809 +0000 build-fedora1: qubesbuilder.plugins.github.GithubError: app-linux-split-gpg:host-fedora-32.x86_64: Failed to notify GitHub.
2022-05-11 01:08:28.349644 +0000 > closing log
